[kasasushi.vn/index.html]
[backblue.gif]
[fade.gif]
[index.html]
[kasasushi.vn/assets/images/sponsor-fb.jpg]
[kasasushi.vn/assets/images/favicon.png]
[kasasushi.vn/assets/css/semantic.min2f36.css]
[kasasushi.vn/assets/css/font-awesome.min.css]
[kasasushi.vn/assets/css/owl.carousel.min.css]
[kasasushi.vn/assets/css/owl.theme.green.css]
[kasasushi.vn/assets/css/sweetalert2.min.css]
[kasasushi.vn/assets/css/animate.min.css]
[kasasushi.vn/assets/css/calendar.css]
[kasasushi.vn/assets/css/select2.min.css]
[kasasushi.vn/assets/css/style2f36.css]
[kasasushi.vn/assets/css/main2f36.css]
[kasasushi.vn/assets/js/jquery-3.1.1.min.js]
[kasasushi.vn/assets/js/semantic.min.js]
[kasasushi.vn/assets/js/components/calendar.min.js]
[kasasushi.vn/assets/js/jquery.sticky.js]
[kasasushi.vn/assets/js/jquery.cookie.js]
[kasasushi.vn/assets/js/owl.carousel.min.js]
[kasasushi.vn/assets/js/moment-with-locales.min.js]
[kasasushi.vn/assets/js/sweetalert2.min.js]
[kasasushi.vn/assets/js/lazyload.js]
[kasasushi.vn/assets/js/autoNumeric.min.js]
[kasasushi.vn/assets/js/sticky-sidebar.js]
[kasasushi.vn/assets/js/select2.min.js]
[kasasushi.vn/assets/js/main2f36.js]
[kasasushi.vn/assets/images/logo-loader.png]
[kasasushi.vn/assets/images/btn-call.svg]
[kasasushi.vn/assets/images/btn-en.svg]
[kasasushi.vn/assets/images/cart-icon.svg]
[kasasushi.vn/assets/images/user-icon.svg]
[kasasushi.vn/upload/interface/thumbs/logo-trang-chu-1683780863.png]
[kasasushi.vn/about-us.html]
[kasasushi.vn/menu.html]
[kasasushi.vn/news-and-offers.html]
[kasasushi.vn/thanh-vien.html]
[kasasushi.vn/delivery.html]
[kasasushi.vn/booking.html]
[kasasushi.vn/catering.html]
[kasasushi.vn/e-invoiced.html]
[kasasushi.vn/assets/images/logo-mobile.png]
[kasasushi.vn/upload/interface/slider-1-1637587128.jpg]
[kasasushi.vn/upload/interface/slider-2-1682587190.jpg]
[kasasushi.vn/assets/images/image-placeholder.png]
[kasasushi.vn/dat-hang.html]
[kasasushi.vn/tin-tuc-uu-dai.html]
[kasasushi.vn/assets/images/footer-logo.svg]
[kasasushi.vn/dang-ky.html]
[kasasushi.vn/index.html]
[kasasushi.vn/assets/images/phone-icon.svg]
[kasasushi.vn/assets/images/flags.html]
[kasasushi.vn/assets/fonts/icons.eot]
[kasasushi.vn/assets/fonts/iconsd41d.eot]
[kasasushi.vn/assets/fonts/icons.woff]
[kasasushi.vn/assets/fonts/icons.ttf]
[kasasushi.vn/assets/css/semantic.min2f36.css]
[kasasushi.vn/assets/fonts/icons.svg]
[kasasushi.vn/assets/fonts/fontawesome-webfont.eot]
[kasasushi.vn/assets/fonts/fontawesome-webfont.woff]
[kasasushi.vn/assets/fonts/fontawesome-webfont.ttf]
[kasasushi.vn/assets/css/font-awesome.min.css]
[kasasushi.vn/assets/fonts/fontawesome-webfont.svg]
[kasasushi.vn/assets/css/owl.video.play.html]
[kasasushi.vn/assets/css/owl.carousel.min.css]
[kasasushi.vn/assets/css/owl.theme.green.css]
[kasasushi.vn/assets/css/sweetalert2.min.css]
[kasasushi.vn/assets/css/animate.min.css]
[kasasushi.vn/assets/css/calendar.css]
[kasasushi.vn/assets/css/select2.min.css]
[kasasushi.vn/assets/fonts/SVN-Gotham-Light.eot]
[kasasushi.vn/assets/fonts/SVN-Gotham-Lightd41d.eot]
[kasasushi.vn/assets/fonts/SVN-Gotham-Light.woff]
[kasasushi.vn/assets/fonts/SVN-Gotham-Light.ttf]
[kasasushi.vn/assets/fonts/SVN-Gotham-Light-Italic.eot]
[kasasushi.vn/assets/fonts/SVN-Gotham-Light-Italicd41d.eot]
[kasasushi.vn/assets/fonts/SVN-Gotham-Light-Italic.woff]
[kasasushi.vn/assets/fonts/SVN-Gotham-Light-Italic.ttf]
[kasasushi.vn/assets/fonts/SVN-Gotham-Book.eot]
[kasasushi.vn/assets/fonts/SVN-Gotham-Bookd41d.eot]
[kasasushi.vn/assets/fonts/SVN-Gotham-Book.woff]
[kasasushi.vn/assets/fonts/SVN-Gotham-Book.ttf]
[kasasushi.vn/assets/fonts/SVN-Gotham-Book-Italic.eot]
[kasasushi.vn/assets/fonts/SVN-Gotham-Book-Italicd41d.eot]
[kasasushi.vn/assets/fonts/SVN-Gotham-Book-Italic.woff]
[kasasushi.vn/assets/fonts/SVN-Gotham-Book-Italic.ttf]
[kasasushi.vn/assets/fonts/SVN-Gotham-Regular.eot]
[kasasushi.vn/assets/fonts/SVN-Gotham-Regulard41d.eot]
[kasasushi.vn/assets/fonts/SVN-Gotham-Regular.woff]
[kasasushi.vn/assets/fonts/SVN-Gotham-Regular.ttf]
[kasasushi.vn/assets/fonts/SVN-Gotham-Bold.eot]
[kasasushi.vn/assets/fonts/SVN-Gotham-Boldd41d.eot]
[kasasushi.vn/assets/fonts/SVN-Gotham-Bold.woff]
[kasasushi.vn/assets/fonts/SVN-Gotham-Bold.ttf]
[kasasushi.vn/assets/fonts/Linearicons-Free54e9.eot]
[kasasushi.vn/assets/fonts/Linearicons-Freed41d.eot]
[kasasushi.vn/assets/fonts/Linearicons-Free54e9.woff]
[kasasushi.vn/assets/fonts/Linearicons-Free54e9.ttf]
[kasasushi.vn/assets/fonts/Linearicons-Free54e9.svg]
[kasasushi.vn/assets/images/line-ui.png]
[kasasushi.vn/assets/css/style2f36.css]
[kasasushi.vn/assets/css/main2f36.css]
[www.googletagmanager.com/gtm5445.html]
[kasasushi.vn/assets/images/btn-call.svg]
[kasasushi.vn/assets/images/btn-en.svg]
[kasasushi.vn/assets/images/cart-icon.svg]
[kasasushi.vn/assets/images/user-icon.svg]
[kasasushi.vn/upload/pages/ve-chung-toi-1644288228.jpg]
[kasasushi.vn/assets/css/page2f36.css]
[kasasushi.vn/assets/images/bullet-top.png]
[kasasushi.vn/upload/interface/slide-dat-ban-1645087302.jpg]
[kasasushi.vn/upload/interface/slide-dat-ban-1645087544.jpg]
[kasasushi.vn/upload/interface/slider-1-1644229700.jpg]
[kasasushi.vn/about-us.html]
[kasasushi.vn/assets/images/bottom-bullet.svg]
[kasasushi.vn/upload/pages/menu-1653561260.png]
[kasasushi.vn/menu/menu-mon-an.html]
[kasasushi.vn/upload/menus/menu-mon-an-1631453585.png]
[kasasushi.vn/upload/menus/menu-mon-mang-ve-1631453606.png]
[kasasushi.vn/upload/menus/menu-catering-1631453617.png]
[kasasushi.vn/menu.html]
[kasasushi.vn/upload/news/tin-tuc-uu-dai-1646215470.jpg]
[kasasushi.vn/news-and-offers/fusion-thoa-man-voi-nhung-sang-tao-van-hoa-cua-dau-bep.html]
[kasasushi.vn/upload/news/thumbs/fusion-thoa-man-voi-nhung-sang-tao-van-hoa-cua-dau-bep-1645076054.jpg]
[kasasushi.vn/news-and-offers/kasas-new-releases-june-is-officially-out-now.html]
[kasasushi.vn/upload/news/thumbs/kasas-new-releases-june-is-officially-out-now-1656422905.png]
[kasasushi.vn/news-and-offers/menu-trai-nghiem-thang-4-summer-rhythm.html]
[kasasushi.vn/news-and-offers.html]
[kasasushi.vn/upload/news/thumbs/menu-trai-nghiem-thang-4-summer-rhythm-1657601777.png]
[kasasushi.vn/upload/pages/thanh-vien-1683710320.png]
[kasasushi.vn/assets/images/member-gift-icon.png]
[kasasushi.vn/assets/images/member-cake-icon.png]
[kasasushi.vn/assets/images/member-circle-icon.png]
[kasasushi.vn/assets/images/qr-code-membership.png]
[kasasushi.vn/assets/images/membership-mobile-phone.png]
[kasasushi.vn/assets/images/membership-user-icon.png]
[kasasushi.vn/assets/images/membership-location-icon.png]
[kasasushi.vn/assets/images/membership-zalo-icon.png]
[kasasushi.vn/assets/images/membership-facebook-icon.png]
[kasasushi.vn/thanh-vien.html]
[kasasushi.vn/upload/pages/dat-hang-1646215317.jpg]
[kasasushi.vn/assets/css/order2f36.css]
[kasasushi.vn/assets/images/filter-icon.png]
[kasasushi.vn/assets/images/search-btn.png]
[kasasushi.vn/assets/images/toggle-cart-icon.svg]
[kasasushi.vn/upload/products/thumbs/special-sashimi-2-for-2-1638089964f23d.jpg]
[kasasushi.vn/assets/images/cart-icon-white.svg]
[kasasushi.vn/upload/products/thumbs/special-sashimi-1-for-4-1638090021b6d8.jpg]
[kasasushi.vn/upload/products/thumbs/vitamin-sea-16366002062414.jpg]
[kasasushi.vn/upload/products/thumbs/pura-vida-1636600226d007.jpg]
[kasasushi.vn/upload/products/thumbs/the-ariel-1638088740dde7.jpg]
[kasasushi.vn/upload/products/thumbs/the-greenery-16358703469d91.jpg]
[kasasushi.vn/upload/products/thumbs/the-aqua-16366001645665.jpg]
[kasasushi.vn/upload/products/thumbs/the-ocean-tango-1635870501c1e9.jpg]
[kasasushi.vn/upload/products/thumbs/ca-hoi-1636600795a687.jpg]
[kasasushi.vn/upload/products/thumbs/bung-ca-hoi-16366004097f34.jpg]
[kasasushi.vn/upload/products/thumbs/ca-ngu-16366004287136.jpg]
[kasasushi.vn/upload/products/thumbs/ca-trich-16366008054918.jpg]
[kasasushi.vn/upload/products/thumbs/ngao-do-16366010425857.jpg]
[kasasushi.vn/upload/products/thumbs/bach-tuoc-16366008262dd7.jpg]
[kasasushi.vn/upload/products/thumbs/ca-buri-163660084051d2.jpg]
[kasasushi.vn/upload/products/thumbs/muc-1636600849a9d2.jpg]
[kasasushi.vn/upload/products/thumbs/so-diep-nhat-ban-1636601304a43a.jpg]
[kasasushi.vn/upload/products/thumbs/hau-nhat-16366015125b92.jpg]
[kasasushi.vn/upload/products/thumbs/ca-kiem-16366014770e34.jpg]
[kasasushi.vn/upload/products/thumbs/ca-trap-viet-163660146994ef.jpg]
[kasasushi.vn/upload/products/thumbs/carpaccio-ca-ngu-163660154291cf.jpg]
[kasasushi.vn/upload/products/thumbs/carpaccio-ca-kampachi-1636601566fc74.jpg]
[kasasushi.vn/upload/products/thumbs/carpaccio-bo-my-1636601580e0fe.jpg]
[kasasushi.vn/upload/products/thumbs/sushi-ca-hoi-163660165081d6.jpg]
[kasasushi.vn/upload/products/thumbs/sushi-ca-ngu-1636601659194d.jpg]
[kasasushi.vn/upload/products/thumbs/sushi-luon-16366016700ac8.jpg]
[kasasushi.vn/upload/products/thumbs/sushi-ca-trap-1636601719ce2e.jpg]
[kasasushi.vn/upload/products/thumbs/sushi-bo-my-16366017493fe9.jpg]
[kasasushi.vn/upload/products/thumbs/sushi-trung-ngot-16366017648253.jpg]
[kasasushi.vn/upload/products/thumbs/gunkan-tom-16366022147247.jpg]
[kasasushi.vn/upload/products/thumbs/gunkan-ca-hoi-1636602292f3da.jpg]
[kasasushi.vn/upload/products/thumbs/com-ep-ca-hoi-phu-phomai-163587378978cd.jpg]
[kasasushi.vn/upload/products/thumbs/com-ep-luon-va-nam-1636602472b69e.jpg]
[kasasushi.vn/upload/products/thumbs/com-ep-tom-va-nam-16366023571503.jpg]
[kasasushi.vn/upload/products/thumbs/sushi-tom-1641375845f17e.jpg]
[kasasushi.vn/upload/products/thumbs/com-cuon-luon-phu-bo-1636602589eb35.jpg]
[kasasushi.vn/upload/products/thumbs/com-cuon-california-1641377763780b.jpg]
[kasasushi.vn/upload/products/thumbs/com-cuon-da-ca-hoi-16413970935229.jpg]
[kasasushi.vn/upload/products/thumbs/com-cuon-chay-16366026412818.jpg]
[kasasushi.vn/upload/products/thumbs/com-cuon-bo-phu-xoai-1636602671d50f.jpg]
[kasasushi.vn/upload/products/thumbs/ca-hoi-cuon-rong-bien-va-rau-1636602706f569.jpg]
[kasasushi.vn/upload/products/thumbs/ca-ngu-cuon-rong-bien-va-rau-163587383888aa.jpg]
[kasasushi.vn/upload/products/thumbs/com-cuon-ca-hoi-qua-bo-1636602740371d.jpg]
[kasasushi.vn/upload/products/thumbs/com-cuon-ghe-tong-hop-163660277032f3.jpg]
[kasasushi.vn/upload/products/thumbs/gunkan-ca-hoi-sot-cay-16380888851083.jpg]
[kasasushi.vn/upload/products/thumbs/ca-hoi-nuong-sot-yuwon-1636602797b446.jpg]
[kasasushi.vn/upload/products/thumbs/ca-trap-nuong-sot-yuwwuon-1636602809519a.jpg]
[kasasushi.vn/upload/products/thumbs/thit-heo-chien-xu-1636602820f498.jpg]
[kasasushi.vn/upload/products/thumbs/ga-chien-163660283127c3.jpg]
[kasasushi.vn/upload/products/thumbs/muc-chien-16358705858959.jpg]
[kasasushi.vn/upload/products/thumbs/com-don-bo-tang-cuon-1635872548cf19.jpg]
[kasasushi.vn/upload/products/thumbs/com-don-luon-1635872536fc75.jpg]
[kasasushi.vn/upload/products/thumbs/com-don-ca-ngu-16358725272ea2.jpg]
[kasasushi.vn/upload/products/thumbs/com-ga-nuong-sot-teri-16358725660429.jpg]
[kasasushi.vn/upload/products/thumbs/com-don-hai-san-16358705677dec.jpg]
[kasasushi.vn/upload/products/thumbs/com-don-ca-hoi-qua-bo-163660301776f8.jpg]
[kasasushi.vn/upload/products/thumbs/com-don-chay-1635870535f0bd.jpg]
[kasasushi.vn/upload/products/thumbs/salad-rong-bien-trung-cua-16358725071109.jpg]
[kasasushi.vn/upload/products/thumbs/salad-ba-chi-bo-my-1635872494a39a.jpg]
[kasasushi.vn/upload/products/thumbs/salad-ca-hoi-1635872480fda1.jpg]
[kasasushi.vn/upload/products/thumbs/salad-bacon-16358724673e37.jpg]
[connect.facebook.net/en_US/sdk/xfbml.customerchat.js]
[kasasushi.vn/assets/images/footer-logo.png]
[kasasushi.vn/chinh-sach-giao-hang.html]
[kasasushi.vn/assets/images/da-thong-bao.png]
[kasasushi.vn/delivery.html]
[kasasushi.vn/upload/pages/dat-ban-1646215217.jpg]
[kasasushi.vn/assets/css/table2f36.css]
[kasasushi.vn/upload/interface/thumbs/slide-dat-ban-1645087302.jpg]
[kasasushi.vn/upload/interface/thumbs/slide-dat-ban-1645087544.jpg]
[kasasushi.vn/upload/interface/thumbs/slider-1-1644229700.jpg]
[kasasushi.vn/upload/images/HD chon ban_compressed-4.pdf]
[kasasushi.vn/booking.html]
[kasasushi.vn/upload/pages/dat-tiec-1700114490.png]
[kasasushi.vn/upload/interface/slider-dat-tiec-1700114827.png]
[kasasushi.vn/upload/interface/thumbs/slider-dat-tiec-1700114827.png]
[kasasushi.vn/upload/images/catering-LOGO-01.png]
[kasasushi.vn/catering.html]
[kasasushi.vn/upload/pages/hoa-don-dien-tu-1653561801.png]
[kasasushi.vn/e-invoiced.html]
[kasasushi.vn/assets/css/vat2f36.css]
[kasasushi.vn/dat-hang.html]
[kasasushi.vn/tin-tuc-uu-dai/fusion-thoa-man-voi-nhung-sang-tao-van-hoa-cua-dau-bep.html]
[kasasushi.vn/tin-tuc-uu-dai/kasas-new-releases-june-is-officially-out-now.html]
[kasasushi.vn/tin-tuc-uu-dai/menu-trai-nghiem-thang-4-summer-rhythm.html]
[kasasushi.vn/tin-tuc-uu-dai.html]
[kasasushi.vn/assets/images/footer-logo.svg]
[kasasushi.vn/assets/images/close-icon.svg]
[kasasushi.vn/upload/pages/dang-ky-1644230995.jpg]
[kasasushi.vn/dang-ky.html]
[kasasushi.vn/assets/images/phone-icon.svg]
[kasasushi.vn/assets/css/register2f36.css]
[kasasushi.vn/chinh-sach-dat-hang.html]
[kasasushi.vn/chinh-sach-doi-tra.html]
[kasasushi.vn/chat-luong-san-pham.html]
[kasasushi.vn/dat-tiec.html]
[kasasushi.vn/assets/images/flags.html]
[kasasushi.vn/assets/fonts/icons.html]
[kasasushi.vn/assets/fonts/icons.svg]
[kasasushi.vn/assets/fonts/fontawesome-webfont.html]
[kasasushi.vn/assets/fonts/fontawesome-webfont.svg]
[kasasushi.vn/assets/css/owl.video.play.html]
[kasasushi.vn/assets/fonts/Linearicons-Free54e9.html]
[kasasushi.vn/assets/fonts/Linearicons-Free54e9.svg]
[kasasushi.vn/assets/css/page2f36.css]
[kasasushi.vn/assets/images/bottom-bullet.svg]
[kasasushi.vn/upload/menus/menu-mon-an-1725505038.7994.png]
[kasasushi.vn/upload/menus/menu-mon-an-1725505044.4873.png]
[kasasushi.vn/upload/menus/menu-mon-an-1725505052.7234.png]
[kasasushi.vn/upload/menus/menu-mon-an-1725505057.5553.png]
[kasasushi.vn/upload/menus/menu-mon-an-1725505067.7923.png]
[kasasushi.vn/upload/menus/menu-mon-an-1725505076.0656.png]
[kasasushi.vn/upload/menus/menu-mon-an-1725505090.1506.png]
[kasasushi.vn/upload/menus/menu-mon-an-1725505099.8864.png]
[kasasushi.vn/upload/menus/menu-mon-an-1725505107.9259.png]
[kasasushi.vn/upload/menus/menu-mon-an-1725505118.3588.png]
[kasasushi.vn/upload/menus/menu-mon-an-1725505130.39.png]
[kasasushi.vn/upload/menus/menu-mon-an-1725505138.4546.png]
[kasasushi.vn/upload/menus/menu-mon-an-1725505151.5943.png]
[kasasushi.vn/upload/menus/menu-mon-an-1725505160.5743.png]
[kasasushi.vn/upload/menus/menu-mon-an-1725505170.0377.png]
[kasasushi.vn/upload/menus/menu-mon-an-1725505181.2628.png]
[kasasushi.vn/upload/menus/menu-mon-an-1725505194.9233.png]
[kasasushi.vn/upload/menus/menu-mon-an-1725505226.4237.png]
[kasasushi.vn/upload/menus/menu-mon-an-1725505236.4531.png]
[kasasushi.vn/upload/menus/menu-mon-an-1725505247.6857.png]
[kasasushi.vn/upload/menus/menu-mon-an-1725505258.0607.png]
[kasasushi.vn/upload/menus/menu-mon-an-1725505287.5548.png]
[kasasushi.vn/upload/menus/menu-mon-an-1725505321.2794.png]
[kasasushi.vn/upload/menus/menu-mon-an-1725505343.0079.png]
[kasasushi.vn/upload/menus/menu-mon-an-1725505401.4233.png]
[kasasushi.vn/upload/menus/menu-mon-an-1725505401.7413.png]
[kasasushi.vn/upload/menus/menu-mon-an-1725505401.7568.png]
[kasasushi.vn/upload/menus/menu-mon-an-1725505401.8324.png]
[kasasushi.vn/upload/menus/menu-mon-an-1725505464.5784.png]
[kasasushi.vn/upload/menus/menu-mon-an-1725505470.5384.png]
[kasasushi.vn/upload/menus/menu-mon-an-1725505476.2135.png]
[kasasushi.vn/upload/menus/menu-mon-an-1725505483.2285.png]
[kasasushi.vn/upload/menus/menu-mon-an-1725505506.3973.png]
[kasasushi.vn/upload/menus/menu-mon-an-1725505515.2016.png]
[kasasushi.vn/upload/menus/menu-mon-an-1725505549.5502.png]
[kasasushi.vn/upload/menus/menu-mon-an-1725505566.6351.png]
[kasasushi.vn/upload/menus/menu-mon-an-1725505575.8639.png]
[kasasushi.vn/upload/menus/menu-mon-an-1725505587.2149.png]
[kasasushi.vn/upload/menus/menu-mon-an-1725505595.411.png]
[kasasushi.vn/upload/menus/menu-mon-an-1725505613.6782.png]
[kasasushi.vn/upload/menus/menu-mon-an-1725505635.2367.png]
[kasasushi.vn/upload/menus/menu-mon-an-1725505647.728.png]
[kasasushi.vn/upload/menus/menu-mon-an-1725505652.8138.png]
[kasasushi.vn/upload/menus/menu-mon-an-1725505661.2303.png]
[kasasushi.vn/upload/menus/menu-mon-an-1725505672.0079.png]
[kasasushi.vn/upload/menus/menu-mon-an-1725505682.9359.png]
[kasasushi.vn/upload/menus/menu-mon-an-1725505693.1998.png]
[kasasushi.vn/upload/menus/menu-mon-an-1725505697.5206.png]
[kasasushi.vn/upload/menus/menu-mon-an-1725505713.3992.png]
[kasasushi.vn/upload/menus/menu-mon-an-1725505718.2923.png]
[kasasushi.vn/upload/menus/menu-mon-an-1725505731.3682.png]
[kasasushi.vn/upload/menus/menu-mon-an-1725505751.0387.png]
[kasasushi.vn/upload/menus/menu-mon-an-1725505769.0977.png]
[kasasushi.vn/upload/menus/menu-mon-an-1725505782.3257.png]
[kasasushi.vn/upload/menus/menu-mon-an-1725505791.2995.png]
[kasasushi.vn/upload/menus/menu-mon-an-1725505795.8283.png]
[kasasushi.vn/menu/menu-mon-an.html]
[kasasushi.vn/news-and-offers/fusion-thoa-man-voi-nhung-sang-tao-van-hoa-cua-dau-bep.html]
[kasasushi.vn/news-and-offers/kasas-new-releases-june-is-officially-out-now.html]
[kasasushi.vn/news-and-offers/menu-trai-nghiem-thang-4-summer-rhythm.html]
[kasasushi.vn/assets/css/order2f36.css]
[kasasushi.vn/assets/images/toggle-cart-icon.svg]
[kasasushi.vn/assets/images/close-cart-icon.svg]
[kasasushi.vn/assets/images/done-icon.svg]
[kasasushi.vn/assets/images/cart-icon-white.svg]
[kasasushi.vn/chrome-extension_/index.html]
[kasasushi.vn/GET.html]
[kasasushi.vn/restserver.html]
[connect.facebook.net/en_US/sdk/xfbml.customerchat.js]
[kasasushi.vn/dialog/index.html]
[kasasushi.vn/upload/pages/chinh-sach-giao-hang-1653561736.png]
[kasasushi.vn/chinh-sach-giao-hang.html]
[kasasushi.vn/assets/css/table2f36.css]
[kasasushi.vn/assets/images/back-icon.svg]
[kasasushi.vn/assets/css/vat2f36.css]
[kasasushi.vn/tin-tuc-uu-dai/fusion-thoa-man-voi-nhung-sang-tao-van-hoa-cua-dau-bep.html]
[kasasushi.vn/tin-tuc-uu-dai/kasas-new-releases-june-is-officially-out-now.html]
[kasasushi.vn/tin-tuc-uu-dai/menu-trai-nghiem-thang-4-summer-rhythm.html]
[kasasushi.vn/assets/css/register2f36.css]
[kasasushi.vn/upload/pages/chinh-sach-dat-hang-1645075932.jpg]
[kasasushi.vn/rsrc.php/index.html]
[kasasushi.vn/upload/images/1.png]
[kasasushi.vn/chinh-sach-dat-hang.html]
[kasasushi.vn/upload/pages/chinh-sach-doi-tra-1653561518.png]
[kasasushi.vn/chinh-sach-doi-tra.html]
[kasasushi.vn/upload/pages/chat-luong-san-pham-1653561498.png]
[kasasushi.vn/chat-luong-san-pham.html]
[kasasushi.vn/dat-tiec.html]
[kasasushi.vn/chrome-extension_/index.html]
[kasasushi.vn/ABCDEFGHIJKLMNOPQRSTUVWXYZabcdefghijklmnopqrstuvwxyz0123456789+/index.html]
[kasasushi.vn/^([^_/indexd41d.html]
[kasasushi.vn/GET.html]
[kasasushi.vn/restserver.html]
[kasasushi.vn/dialog.html]
[kasasushi.vn/dialog/index.html]
[kasasushi.vn/rsrc.html]
[kasasushi.vn/rsrc.php/index.html]
[kasasushi.vn/dialog.html]
[kasasushi.vn/rsrc.html]
